C51 COMPILER V9.54   MAIN                                                                  03/16/2016 16:54:06 PAGE 1   


C51 COMPILER V9.54, COMPILATION OF MODULE MAIN
OBJECT MODULE PLACED IN MAIN.OBJ
COMPILER INVOKED BY: D:\Keil_v5\C51\BIN\C51.EXE MAIN.C OPTIMIZE(8,SPEED) BROWSE DEBUG OBJECTEXTEND TABS(2)

line level    source

   1          //****************************************************************************
   2          // @Module        Project Settings
   3          // @Filename      MAIN.C
   4          // @Project       TestBoard.dav
   5          //----------------------------------------------------------------------------
   6          // @Controller    Infineon XC888CLM-8FF
   7          //
   8          // @Compiler      Keil
   9          //
  10          // @Codegenerator 1.7
  11          //
  12          // @Description   This file contains the Project initialization function.
  13          //
  14          //----------------------------------------------------------------------------
  15          // @Date          2016/3/15 16:17:36
  16          //
  17          //****************************************************************************
  18          
  19          #include "MAIN.H"
  20          #include <stdio.h>
  21          #include <string.h>
  22          
  23          void MAIN_vInit(void)
  24          {
  25   1        ///  -----------------------------------------------------------------------
  26   1        ///  Configuration of the System Clock:
  27   1        ///  -----------------------------------------------------------------------
  28   1        ///  - On Chip Osc is Selected
  29   1        ///  - PLL Mode, NDIV =  20
  30   1        ///  - input frequency is 9.6 MHz
  31   1      
  32   1        //   FCLK runs at 2 times the frequency of PCLK.
  33   1        SFR_PAGE(_su1, noSST);         // switch to page1
  34   1        CMCON         =  0x10;         // load Clock Control Register
  35   1        SFR_PAGE(_su0, noSST);         // switch to page0
  36   1      
  37   1      
  38   1        ///  *********************************************************************************
  39   1        ///  Note : All peripheral related IO configurations are done in the 
  40   1        ///  respective peripheral modules (alternate functions selection)
  41   1        ///  *********************************************************************************
  42   1      
  43   1        ///  Initialization of module 'GPIO'
  44   1        IO_vInit();
  45   1      
  46   1        ///  Initialization of module 'UART (Serial Interface)'
  47   1        UART_vInit();
  48   1      
  49   1        //   Interrupt Priority
  50   1      
  51   1        IP            =  0x00;         // load Interrupt Priority Register
  52   1        IPH           =  0x00;         // load Interrupt Priority High Register
  53   1        IP1           =  0x00;         // load Interrupt Priority 1 Register
  54   1        IPH1          =  0x00;         // load Interrupt Priority 1 High Register
  55   1      
C51 COMPILER V9.54   MAIN                                                                  03/16/2016 16:54:06 PAGE 2   

  56   1      
  57   1        //// Interrupt structure 2 mode 0 is selected.
  58   1        //// Interrupt service routine choice 2 is selected.
  59   1        //   globally enable interrupts
  60   1        EA            =  1;           
  61   1      
  62   1      } 
  63          
  64          void main(void)
  65          {
  66   1        MAIN_vInit();
  67   1        while(1) {}
  68   1      }


MODULE INFORMATION:   STATIC OVERLAYABLE
   CODE SIZE        =     32    ----
   CONSTANT SIZE    =   ----    ----
   XDATA SIZE       =   ----    ----
   PDATA SIZE       =   ----    ----
   DATA SIZE        =   ----    ----
   IDATA SIZE       =   ----    ----
   BIT SIZE         =   ----    ----
END OF MODULE INFORMATION.


C51 COMPILATION COMPLETE.  0 WARNING(S),  0 ERROR(S)
