C51 COMPILER V9.55   MAIN                                                                  05/18/2016 09:17:22 PAGE 1   


C51 COMPILER V9.55, COMPILATION OF MODULE MAIN
OBJECT MODULE PLACED IN MAIN.OBJ
COMPILER INVOKED BY: D:\Keil_v5\C51\BIN\C51.EXE MAIN.C OPTIMIZE(8,SPEED) BROWSE DEBUG OBJECTEXTEND TABS(2)

line level    source

   1          //****************************************************************************
   2          // @Module        Project Settings
   3          // @Filename      MAIN.C
   4          // @Project       TestBoard.dav
   5          //----------------------------------------------------------------------------
   6          // @Controller    Infineon XC888CLM-8FF
   7          //
   8          // @Compiler      Keil
   9          //
  10          // @Codegenerator 1.7
  11          //
  12          // @Description   This file contains the Project initialization function.
  13          //
  14          //----------------------------------------------------------------------------
  15          // @Date          2016/3/15 16:17:36
  16          //
  17          //****************************************************************************
  18          
  19          #include "MAIN.H"
  20          #include "DeviceController.h"
  21          
  22          #include <stdio.h>
  23          #include <string.h>
  24          
  25          bool shouldMonitorHVStatus = 0;
  26          
  27          void MAIN_vInit(void)
  28          {
  29   1          ///  -----------------------------------------------------------------------
  30   1          ///  Configuration of the System Clock:
  31   1          ///  -----------------------------------------------------------------------
  32   1          ///  - On Chip Osc is Selected
  33   1          ///  - PLL Mode, NDIV =  20
  34   1          ///  - input frequency is 9.6 MHz
  35   1      
  36   1          //   FCLK runs at 2 times the frequency of PCLK.
  37   1          SFR_PAGE(_su1, noSST);         // switch to page1
  38   1          CMCON         =  0x10;         // load Clock Control Register
  39   1          SFR_PAGE(_su0, noSST);         // switch to page0
  40   1      
  41   1      
  42   1          ///  *********************************************************************************
  43   1          ///  Note : All peripheral related IO configurations are done in the 
  44   1          ///  respective peripheral modules (alternate functions selection)
  45   1          ///  *********************************************************************************
  46   1      
  47   1          ///  Initialization of module 'GPIO'
  48   1          IO_vInit();
  49   1      
  50   1          ///  Initialization of module 'UART (Serial Interface)'
  51   1          UART_vInit();
  52   1      
  53   1          //   Interrupt Priority
  54   1      
  55   1          IP            =  0x00;         // load Interrupt Priority Register
C51 COMPILER V9.55   MAIN                                                                  05/18/2016 09:17:22 PAGE 2   

  56   1          IPH           =  0x00;         // load Interrupt Priority High Register
  57   1          IP1           =  0x00;         // load Interrupt Priority 1 Register
  58   1          IPH1          =  0x00;         // load Interrupt Priority 1 High Register
  59   1      
  60   1      
  61   1          //// Interrupt structure 2 mode 0 is selected.
  62   1          //// Interrupt service routine choice 2 is selected.
  63   1          //   globally enable interrupts
  64   1          EA            =  1;           
  65   1      
  66   1      } 
  67          void delay(int second) {
  68   1          int i, j, k;
  69   1          for (i = 0; i < second; i++) {
  70   2              for (j = 0; j < 25; j++) {
  71   3                  for (k = 0; k < 30000; k++) {
  72   4                  }
  73   3              }
  74   2          }
  75   1      }
  76          void main(void)
  77          {
  78   1          MAIN_vInit();
  79   1      
  80   1          while(1) {
  81   2      
  82   2              if (shouldMonitorHVStatus && !isAllHVRelayOK()) {
  83   3                  sendUART("HV_NG\r\n");
  84   3              }
  85   2      
  86   2              delay(1);
  87   2          }
  88   1      }


MODULE INFORMATION:   STATIC OVERLAYABLE
   CODE SIZE        =    108    ----
   CONSTANT SIZE    =      8    ----
   XDATA SIZE       =   ----    ----
   PDATA SIZE       =   ----    ----
   DATA SIZE        =   ----    ----
   IDATA SIZE       =   ----    ----
   BIT SIZE         =      1    ----
END OF MODULE INFORMATION.


C51 COMPILATION COMPLETE.  0 WARNING(S),  0 ERROR(S)
